apiVersion: v1
kind: Service
metadata:
  name: rediscache
spec:
  ports:
  - name: web
    port: 8004
    targetPort: 9004
  selector:
    app: rediscache
