apiVersion: v1
data:
  password: "123456"
kind: ConfigMap
metadata:
  name: yyy-bkfmbb8t66
