apiVersion: v1
kind: Namespace
metadata:
  labels:
    app: my-label
  name: my-namespace
