apiVersion: v1
data:
  dummy: ""
kind: Secret
metadata:
  name: dummy
  namespace: default
type: Opaque
