apiVersion: apps/v1
kind: StatefulSet
metadata:
  name: prefix-demo-suffix
  namespace: demo1
spec:
  podManagementPolicy: Parallel
  replicas: 3
  selector:
    matchLabels:
      app: demo
  template:
    metadata:
      annotations: null
      labels:
        app: demo
    spec:
      containers:
      - image: alpine:3.9
        name: demo
        volumeMounts:
        - mountPath: /data
          name: data
  updateStrategy:
    type: RollingUpdate
  volumeClaimTemplates:
  - metadata:
      name: data
    spec:
      accessModes:
      - ReadWriteOnce
      resources:
        requests:
          storage: 10Gi
      storageClassName: prefix-storage-suffix
