apiVersion: v1
data:
  password: c29tZXB3
  username: YWRtaW4=
kind: Secret
metadata:
  name: test-h65t9hg6kc
  namespace: default
type: Opaque
