apiVersion: v1
kind: PersistentVolumeClaim
metadata:
  name: overlay1-data
spec:
  accessModes:
  - ReadWriteOnce
  resources:
    requests:
      storage: 1Gi
