apiVersion: v1
kind: Values
metadata:
  name: global
spec:
  gpulimit: 3
