apiVersion: v1
kind: ConfigMap
metadata:
  name: p1-cm1-s1
