apiVersion: v1
data:
  MY_ENV: baz
kind: ConfigMap
metadata:
  annotations: {}
  labels: {}
  name: example-overlay2-fm7c465842
  namespace: overlay2
