apiVersion: rbac.authorization.k8s.io/v1
kind: ClusterRole
metadata:
  name: b-pfx-role-sfx-suffixB
rules:
- apiGroups:
  - ""
  resources:
  - secrets
  verbs:
  - get
  - watch
  - list
